[28/09/2026 02:51:18] SIMULADOR iniciado.
[28/09/2026 02:51:18] Geracao automatica de aeronaves ativada.
[28/09/2026 02:51:22] Aeronave VOO001 gerada: combustivel=6%, prioridade=1, sentido=anti-horario.
[28/09/2026 02:51:22] Liberado para emergencia: VOO001 entrou no topo da fila de pouso.
[28/09/2026 02:51:22] Pista 1 liberada para pouso da aeronave VOO001 (prioridade 1).
[28/09/2026 02:51:26] Aeronave VOO002 gerada: combustivel=52%, prioridade=2, sentido=horario.
[28/09/2026 02:51:26] Pista 2 liberada para pouso da aeronave VOO002 (prioridade 2).
[28/09/2026 02:51:27] Aeronave VOO001 pousou e entrou na taxiway N10.
[28/09/2026 02:51:29] Aeronave VOO003 gerada: combustivel=53%, prioridade=2, sentido=anti-horario.
[28/09/2026 02:51:29] Pista 1 liberada para pouso da aeronave VOO003 (prioridade 2).
[28/09/2026 02:51:30] Aeronave VOO001 avancou para taxiway N9.
[28/09/2026 02:51:31] Aeronave VOO002 pousou e entrou na taxiway N1.
[28/09/2026 02:51:32] Aeronave VOO004 gerada: combustivel=7%, prioridade=1, sentido=horario.
[28/09/2026 02:51:32] Liberado para emergencia: VOO004 entrou no topo da fila de pouso.
[28/09/2026 02:51:32] Pista 2 liberada para pouso da aeronave VOO004 (prioridade 1).
[28/09/2026 02:51:33] Aeronave VOO001 avancou para taxiway N8.
[28/09/2026 02:51:34] Aeronave VOO003 pousou e entrou na taxiway N10.
[28/09/2026 02:51:34] Aeronave VOO002 avancou para taxiway N2.
[28/09/2026 02:51:36] Aeronave VOO001 avancou para taxiway N7.
[28/09/2026 02:51:37] Aeronave VOO005 gerada: combustivel=9%, prioridade=1, sentido=anti-horario.
[28/09/2026 02:51:37] Liberado para emergencia: VOO005 entrou no topo da fila de pouso.
[28/09/2026 02:51:37] Pista 1 liberada para pouso da aeronave VOO005 (prioridade 1).
[28/09/2026 02:51:37] Aeronave VOO004 pousou e entrou na taxiway N1.
[28/09/2026 02:51:37] Aeronave VOO002 avancou para taxiway N3.
[28/09/2026 02:51:37] Aeronave VOO003 avancou para taxiway N9.
[28/09/2026 02:51:39] Aeronave VOO001 avancou para taxiway N6.
[28/09/2026 02:51:40] Aeronave VOO002 avancou para taxiway N4.
[28/09/2026 02:51:40] Aeronave VOO003 avancou para taxiway N8.
[28/09/2026 02:51:40] Aeronave VOO004 avancou para taxiway N2.
[28/09/2026 02:51:42] Aeronave VOO005 pousou e entrou na taxiway N10.
[28/09/2026 02:51:42] Aeronave VOO001 avancou para taxiway N5.
[28/09/2026 02:51:43] Aeronave VOO006 gerada: combustivel=38%, prioridade=2, sentido=anti-horario.
[28/09/2026 02:51:43] Pista 1 liberada para pouso da aeronave VOO006 (prioridade 2).
[28/09/2026 02:51:43] ALERTA: movimento de VOO002 bloqueado; foi detectada aeronave em sentido contrario.
[28/09/2026 02:51:43] SISTEMA DE SOLO interrompeu o movimento conflitante para evitar contramao.
[28/09/2026 02:51:43] Aeronave VOO003 avancou para taxiway N7.
[28/09/2026 02:51:43] Aeronave VOO004 avancou para taxiway N3.
[28/09/2026 02:51:45] ALERTA: movimento de VOO001 bloqueado; foi detectada aeronave em sentido contrario.
[28/09/2026 02:51:45] SISTEMA DE SOLO interrompeu o movimento conflitante para evitar contramao.
[28/09/2026 02:51:45] Aeronave VOO005 avancou para taxiway N9.
[28/09/2026 02:51:46] Aeronave VOO007 gerada: combustivel=61%, prioridade=2, sentido=horario.
[28/09/2026 02:51:46] Pista 2 liberada para pouso da aeronave VOO007 (prioridade 2).
[28/09/2026 02:51:46] Aeronave VOO003 avancou para taxiway N6.
[28/09/2026 02:51:46] ALERTA: movimento de VOO004 bloqueado; foi detectada aeronave em sentido contrario.
[28/09/2026 02:51:46] SISTEMA DE SOLO interrompeu o movimento conflitante para evitar contramao.
[28/09/2026 02:51:48] Aeronave VOO006 pousou e entrou na taxiway N10.
[28/09/2026 02:51:48] Aeronave VOO005 avancou para taxiway N8.
[28/09/2026 02:51:49] ALERTA: movimento de VOO003 bloqueado; foi detectada aeronave em sentido contrario.
[28/09/2026 02:51:49] SISTEMA DE SOLO interrompeu o movimento conflitante para evitar contramao.
[28/09/2026 02:51:51] Aeronave VOO007 pousou e entrou na taxiway N1.
[28/09/2026 02:51:51] Aeronave VOO005 avancou para taxiway N7.
[28/09/2026 02:51:51] Aeronave VOO006 avancou para taxiway N9.
[28/09/2026 02:51:52] Aeronave VOO008 gerada: combustivel=40%, prioridade=3, sentido=horario.
[28/09/2026 02:51:52] Pista 1 liberada para pouso da aeronave VOO008 (prioridade 3).
[28/09/2026 02:51:54] ALERTA: movimento de VOO005 bloqueado; foi detectada aeronave em sentido contrario.
[28/09/2026 02:51:54] SISTEMA DE SOLO interrompeu o movimento conflitante para evitar contramao.
[28/09/2026 02:51:54] Aeronave VOO006 avancou para taxiway N8.
[28/09/2026 02:51:54] Aeronave VOO007 avancou para taxiway N2.
[28/09/2026 02:51:55] Aeronave VOO009 gerada: combustivel=23%, prioridade=1, sentido=anti-horario.
[28/09/2026 02:51:55] Liberado para emergencia: VOO009 entrou no topo da fila de pouso.
[28/09/2026 02:51:55] Pista 2 liberada para pouso da aeronave VOO009 (prioridade 1).
[28/09/2026 02:51:57] Aeronave VOO008 pousou e entrou na taxiway N1.
[28/09/2026 02:51:57] ALERTA: movimento de VOO006 bloqueado; foi detectada aeronave em sentido contrario.
[28/09/2026 02:51:57] SISTEMA DE SOLO interrompeu o movimento conflitante para evitar contramao.
[28/09/2026 02:51:57] ALERTA: movimento de VOO007 bloqueado; foi detectada aeronave em sentido contrario.
[28/09/2026 02:51:57] SISTEMA DE SOLO interrompeu o movimento conflitante para evitar contramao.
[28/09/2026 02:52:00] Aeronave VOO009 pousou e entrou na taxiway N10.
[28/09/2026 02:52:00] ALERTA: movimento de VOO008 bloqueado; foi detectada aeronave em sentido contrario.
[28/09/2026 02:52:00] SISTEMA DE SOLO interrompeu o movimento conflitante para evitar contramao.
[28/09/2026 02:52:01] Aeronave VOO010 gerada: combustivel=50%, prioridade=3, sentido=horario.
[28/09/2026 02:52:01] Pista 1 liberada para pouso da aeronave VOO010 (prioridade 3).
[28/09/2026 02:52:03] Aeronave VOO009 avancou para taxiway N9.
[28/09/2026 02:52:06] Aeronave VOO011 gerada: combustivel=19%, prioridade=2, sentido=horario.
[28/09/2026 02:52:06] Pista 2 liberada para pouso da aeronave VOO011 (prioridade 2).
[28/09/2026 02:52:06] Pouso concluido para VOO010, mas a entrada da taxiway esta bloqueada.
[28/09/2026 02:52:06] ALERTA: movimento de VOO009 bloqueado; foi detectada aeronave em sentido contrario.
[28/09/2026 02:52:06] SISTEMA DE SOLO interrompeu o movimento conflitante para evitar contramao.
[28/09/2026 02:52:10] Aeronave VOO012 gerada: combustivel=79%, prioridade=2, sentido=anti-horario.
[28/09/2026 02:52:10] Pista 1 liberada para pouso da aeronave VOO012 (prioridade 2).
[28/09/2026 02:52:11] Pouso concluido para VOO011, mas a entrada da taxiway esta bloqueada.
[28/09/2026 02:52:15] Aeronave VOO012 pousou e entrou na taxiway N10.
[28/09/2026 02:52:16] Aeronave VOO013 gerada: combustivel=31%, prioridade=3, sentido=horario.
[28/09/2026 02:52:16] Pista 1 liberada para pouso da aeronave VOO013 (prioridade 3).
[28/09/2026 02:52:18] ALERTA: movimento de VOO012 bloqueado; foi detectada aeronave em sentido contrario.
[28/09/2026 02:52:18] SISTEMA DE SOLO interrompeu o movimento conflitante para evitar contramao.
